This is pdfTeX, Version 3.141592653-2.6-1.40.29 (TeX Live 2026) (preloaded format=pdflatex 2026.5.10)  18 MAY 2026 22:08
entering extended mode
 restricted \write18 enabled.
 %&-line parsing enabled.
**report.tex
(./report.tex
LaTeX2e <2025-11-01>
L3 programming layer <2026-01-19>
(/usr/local/texlive/2026/texmf-dist/tex/latex/base/article.cls
Document Class: article 2025/01/22 v1.4n Standard LaTeX document class
(/usr/local/texlive/2026/texmf-dist/tex/latex/base/size12.clo
File: size12.clo 2025/01/22 v1.4n Standard LaTeX file (size option)
)
\c@part=\count275
\c@section=\count276
\c@subsection=\count277
\c@subsubsection=\count278
\c@paragraph=\count279
\c@subparagraph=\count280
\c@figure=\count281
\c@table=\count282
\abovecaptionskip=\skip49
\belowcaptionskip=\skip50
\bibindent=\dimen148
)
(/usr/local/texlive/2026/texmf-dist/tex/latex/geometry/geometry.sty
Package: geometry 2026/03/07 v6.0 Page Geometry

(/usr/local/texlive/2026/texmf-dist/tex/latex/graphics/keyval.sty
Package: keyval 2022/05/29 v1.15 key=value parser (DPC)
\KV@toks@=\toks17
)
(/usr/local/texlive/2026/texmf-dist/tex/generic/iftex/ifvtex.sty
Package: ifvtex 2019/10/25 v1.7 ifvtex legacy package. Use iftex instead.

(/usr/local/texlive/2026/texmf-dist/tex/generic/iftex/iftex.sty
Package: iftex 2024/12/12 v1.0g TeX engine tests
))
\Gm@cnth=\count283
\Gm@cntv=\count284
\c@Gm@tempcnt=\count285
\Gm@bindingoffset=\dimen149
\Gm@wd@mp=\dimen150
\Gm@odd@mp=\dimen151
\Gm@even@mp=\dimen152
\Gm@layoutwidth=\dimen153
\Gm@layoutheight=\dimen154
\Gm@layouthoffset=\dimen155
\Gm@layoutvoffset=\dimen156
\Gm@dimlist=\toks18
)
(/usr/local/texlive/2026/texmf-dist/tex/latex/base/fontenc.sty
Package: fontenc 2025/07/18 v2.1d Standard LaTeX package
)
(/usr/local/texlive/2026/texmf-dist/tex/latex/base/inputenc.sty
Package: inputenc 2024/02/08 v1.3d Input encoding file
\inpenc@prehook=\toks19
\inpenc@posthook=\toks20
)
(/usr/local/texlive/2026/texmf-dist/tex/latex/lm/lmodern.sty
Package: lmodern 2015/05/01 v1.6.1 Latin Modern Fonts
LaTeX Font Info:    Overwriting symbol font `operators' in version `normal'
(Font)                  OT1/cmr/m/n --> OT1/lmr/m/n on input line 22.
LaTeX Font Info:    Overwriting symbol font `letters' in version `normal'
(Font)                  OML/cmm/m/it --> OML/lmm/m/it on input line 23.
LaTeX Font Info:    Overwriting symbol font `symbols' in version `normal'
(Font)                  OMS/cmsy/m/n --> OMS/lmsy/m/n on input line 24.
LaTeX Font Info:    Overwriting symbol font `largesymbols' in version `normal'
(Font)                  OMX/cmex/m/n --> OMX/lmex/m/n on input line 25.
LaTeX Font Info:    Overwriting symbol font `operators' in version `bold'
(Font)                  OT1/cmr/bx/n --> OT1/lmr/bx/n on input line 26.
LaTeX Font Info:    Overwriting symbol font `letters' in version `bold'
(Font)                  OML/cmm/b/it --> OML/lmm/b/it on input line 27.
LaTeX Font Info:    Overwriting symbol font `symbols' in version `bold'
(Font)                  OMS/cmsy/b/n --> OMS/lmsy/b/n on input line 28.
LaTeX Font Info:    Overwriting symbol font `largesymbols' in version `bold'
(Font)                  OMX/cmex/m/n --> OMX/lmex/m/n on input line 29.
LaTeX Font Info:    Overwriting math alphabet `\mathbf' in version `normal'
(Font)                  OT1/cmr/bx/n --> OT1/lmr/bx/n on input line 31.
LaTeX Font Info:    Overwriting math alphabet `\mathsf' in version `normal'
(Font)                  OT1/cmss/m/n --> OT1/lmss/m/n on input line 32.
LaTeX Font Info:    Overwriting math alphabet `\mathit' in version `normal'
(Font)                  OT1/cmr/m/it --> OT1/lmr/m/it on input line 33.
LaTeX Font Info:    Overwriting math alphabet `\mathtt' in version `normal'
(Font)                  OT1/cmtt/m/n --> OT1/lmtt/m/n on input line 34.
LaTeX Font Info:    Overwriting math alphabet `\mathbf' in version `bold'
(Font)                  OT1/cmr/bx/n --> OT1/lmr/bx/n on input line 35.
LaTeX Font Info:    Overwriting math alphabet `\mathsf' in version `bold'
(Font)                  OT1/cmss/bx/n --> OT1/lmss/bx/n on input line 36.
LaTeX Font Info:    Overwriting math alphabet `\mathit' in version `bold'
(Font)                  OT1/cmr/bx/it --> OT1/lmr/bx/it on input line 37.
LaTeX Font Info:    Overwriting math alphabet `\mathtt' in version `bold'
(Font)                  OT1/cmtt/m/n --> OT1/lmtt/m/n on input line 38.
)
(/usr/local/texlive/2026/texmf-dist/tex/latex/microtype/microtype.sty
Package: microtype 2026/03/01 v3.2d Micro-typographical refinements (RS)

(/usr/local/texlive/2026/texmf-dist/tex/latex/etoolbox/etoolbox.sty
Package: etoolbox 2025/10/02 v2.5m e-TeX tools for LaTeX (JAW)
\etb@tempcnta=\count286
)
\MT@toks=\toks21
\MT@tempbox=\box53
\MT@count=\count287
LaTeX Info: Redefining \noprotrusionifhmode on input line 1084.
LaTeX Info: Redefining \leftprotrusion on input line 1085.
\MT@prot@toks=\toks22
LaTeX Info: Redefining \rightprotrusion on input line 1104.
LaTeX Info: Redefining \textls on input line 1449.
\MT@outer@kern=\dimen157
LaTeX Info: Redefining \microtypecontext on input line 2053.
LaTeX Info: Redefining \textmicrotypecontext on input line 2070.
\MT@listname@count=\count288

(/usr/local/texlive/2026/texmf-dist/tex/latex/microtype/microtype-pdftex.def
File: microtype-pdftex.def 2026/03/01 v3.2d Definitions specific to pdftex (RS)

LaTeX Info: Redefining \lsstyle on input line 944.
LaTeX Info: Redefining \lslig on input line 944.
\MT@outer@space=\skip51
)
Package microtype Info: Loading configuration file microtype.cfg.

(/usr/local/texlive/2026/texmf-dist/tex/latex/microtype/microtype.cfg
File: microtype.cfg 2026/03/01 v3.2d microtype main configuration file (RS)
)
LaTeX Info: Redefining \microtypesetup on input line 3065.
)
(/usr/local/texlive/2026/texmf-dist/tex/latex/graphics/graphicx.sty
Package: graphicx 2024/12/31 v1.2e Enhanced LaTeX Graphics (DPC,SPQR)

(/usr/local/texlive/2026/texmf-dist/tex/latex/graphics/graphics.sty
Package: graphics 2024/08/06 v1.4g Standard LaTeX Graphics (DPC,SPQR)

(/usr/local/texlive/2026/texmf-dist/tex/latex/graphics/trig.sty
Package: trig 2023/12/02 v1.11 sin cos tan (DPC)
)
(/usr/local/texlive/2026/texmf-dist/tex/latex/graphics-cfg/graphics.cfg
File: graphics.cfg 2016/06/04 v1.11 sample graphics configuration
)
Package graphics Info: Driver file: pdftex.def on input line 106.

(/usr/local/texlive/2026/texmf-dist/tex/latex/graphics-def/pdftex.def
File: pdftex.def 2025/09/29 v1.2d Graphics/color driver for pdftex
))
\Gin@req@height=\dimen158
\Gin@req@width=\dimen159
)
(/usr/local/texlive/2026/texmf-dist/tex/latex/booktabs/booktabs.sty
Package: booktabs 2020/01/12 v1.61803398 Publication quality tables
\heavyrulewidth=\dimen160
\lightrulewidth=\dimen161
\cmidrulewidth=\dimen162
\belowrulesep=\dimen163
\belowbottomsep=\dimen164
\aboverulesep=\dimen165
\abovetopsep=\dimen166
\cmidrulesep=\dimen167
\cmidrulekern=\dimen168
\defaultaddspace=\dimen169
\@cmidla=\count289
\@cmidlb=\count290
\@aboverulesep=\dimen170
\@belowrulesep=\dimen171
\@thisruleclass=\count291
\@lastruleclass=\count292
\@thisrulewidth=\dimen172
)
(/usr/local/texlive/2026/texmf-dist/tex/latex/multirow/multirow.sty
Package: multirow 2024/11/12 v2.9 Span multiple rows of a table
\multirow@colwidth=\skip52
\multirow@cntb=\count293
\multirow@dima=\skip53
\bigstrutjot=\dimen173
)
(/usr/local/texlive/2026/texmf-dist/tex/latex/tools/array.sty
Package: array 2025/09/25 v2.6n Tabular extension package (FMi)
\col@sep=\dimen174
\ar@mcellbox=\box54
\extrarowheight=\dimen175
\NC@list=\toks23
\extratabsurround=\skip54
\backup@length=\skip55
\ar@cellbox=\box55
)
(/usr/local/texlive/2026/texmf-dist/tex/latex/tools/tabularx.sty
Package: tabularx 2023/12/11 v2.12a `tabularx' package (DPC)
\TX@col@width=\dimen176
\TX@old@table=\dimen177
\TX@old@col=\dimen178
\TX@target=\dimen179
\TX@delta=\dimen180
\TX@cols=\count294
\TX@ftn=\toks24
)
(/usr/local/texlive/2026/texmf-dist/tex/latex/tools/longtable.sty
Package: longtable 2025-10-13 v4.24 Multi-page Table package (DPC)
\LTleft=\skip56
\LTright=\skip57
\LTpre=\skip58
\LTpost=\skip59
\LTchunksize=\count295
\LTcapwidth=\dimen181
\LT@head=\box56
\LT@firsthead=\box57
\LT@foot=\box58
\LT@lastfoot=\box59
\LT@gbox=\box60
\LT@cols=\count296
\LT@rows=\count297
\c@LT@tables=\count298
\c@LT@chunks=\count299
\LT@p@ftn=\toks25
)
(/usr/local/texlive/2026/texmf-dist/tex/latex/amsmath/amsmath.sty
Package: amsmath 2025/07/09 v2.17z AMS math features
\@mathmargin=\skip60

For additional information on amsmath, use the `?' option.
(/usr/local/texlive/2026/texmf-dist/tex/latex/amsmath/amstext.sty
Package: amstext 2024/11/17 v2.01 AMS text

(/usr/local/texlive/2026/texmf-dist/tex/latex/amsmath/amsgen.sty
File: amsgen.sty 1999/11/30 v2.0 generic functions
\@emptytoks=\toks26
\ex@=\dimen182
))
(/usr/local/texlive/2026/texmf-dist/tex/latex/amsmath/amsbsy.sty
Package: amsbsy 1999/11/29 v1.2d Bold Symbols
\pmbraise@=\dimen183
)
(/usr/local/texlive/2026/texmf-dist/tex/latex/amsmath/amsopn.sty
Package: amsopn 2022/04/08 v2.04 operator names
)
\inf@bad=\count300
LaTeX Info: Redefining \frac on input line 233.
\uproot@=\count301
\leftroot@=\count302
LaTeX Info: Redefining \overline on input line 398.
LaTeX Info: Redefining \colon on input line 409.
\classnum@=\count303
\DOTSCASE@=\count304
LaTeX Info: Redefining \ldots on input line 495.
LaTeX Info: Redefining \dots on input line 498.
LaTeX Info: Redefining \cdots on input line 619.
\Mathstrutbox@=\box61
\strutbox@=\box62
LaTeX Info: Redefining \big on input line 721.
LaTeX Info: Redefining \Big on input line 722.
LaTeX Info: Redefining \bigg on input line 723.
LaTeX Info: Redefining \Bigg on input line 724.
\big@size=\dimen184
LaTeX Font Info:    Redeclaring font encoding OML on input line 742.
LaTeX Font Info:    Redeclaring font encoding OMS on input line 743.
\macc@depth=\count305
LaTeX Info: Redefining \bmod on input line 904.
LaTeX Info: Redefining \pmod on input line 909.
LaTeX Info: Redefining \smash on input line 939.
LaTeX Info: Redefining \relbar on input line 969.
LaTeX Info: Redefining \Relbar on input line 970.
\c@MaxMatrixCols=\count306
\dotsspace@=\muskip17
\c@parentequation=\count307
\dspbrk@lvl=\count308
\tag@help=\toks27
\row@=\count309
\column@=\count310
\maxfields@=\count311
\andhelp@=\toks28
\eqnshift@=\dimen185
\alignsep@=\dimen186
\tagshift@=\dimen187
\tagwidth@=\dimen188
\totwidth@=\dimen189
\lineht@=\dimen190
\@envbody=\toks29
\multlinegap=\skip61
\multlinetaggap=\skip62
\mathdisplay@stack=\toks30
LaTeX Info: Redefining \[ on input line 2950.
LaTeX Info: Redefining \] on input line 2951.
)
(/usr/local/texlive/2026/texmf-dist/tex/latex/amsfonts/amssymb.sty
Package: amssymb 2013/01/14 v3.01 AMS font symbols

(/usr/local/texlive/2026/texmf-dist/tex/latex/amsfonts/amsfonts.sty
Package: amsfonts 2013/01/14 v3.01 Basic AMSFonts support
\symAMSa=\mathgroup4
\symAMSb=\mathgroup5
LaTeX Font Info:    Redeclaring math symbol \hbar on input line 98.
LaTeX Font Info:    Overwriting math alphabet `\mathfrak' in version `bold'
(Font)                  U/euf/m/n --> U/euf/b/n on input line 106.
))
(/usr/local/texlive/2026/texmf-dist/tex/latex/float/float.sty
Package: float 2001/11/08 v1.3d Float enhancements (AL)
\c@float@type=\count312
\float@exts=\toks31
\float@box=\box63
\@float@everytoks=\toks32
\@floatcapt=\box64
)
(/usr/local/texlive/2026/texmf-dist/tex/latex/caption/subcaption.sty
Package: subcaption 2023/07/28 v1.6b Sub-captions (AR)

(/usr/local/texlive/2026/texmf-dist/tex/latex/caption/caption.sty
Package: caption 2023/08/05 v3.6o Customizing captions (AR)

(/usr/local/texlive/2026/texmf-dist/tex/latex/caption/caption3.sty
Package: caption3 2023/07/31 v2.4d caption3 kernel (AR)
\caption@tempdima=\dimen191
\captionmargin=\dimen192
\caption@leftmargin=\dimen193
\caption@rightmargin=\dimen194
\caption@width=\dimen195
\caption@indent=\dimen196
\caption@parindent=\dimen197
\caption@hangindent=\dimen198
Package caption Info: Standard document class detected.
)
\c@caption@flags=\count313
\c@continuedfloat=\count314
Package caption Info: float package is loaded.
Package caption Info: longtable package is loaded.

(/usr/local/texlive/2026/texmf-dist/tex/latex/caption/ltcaption.sty
Package: ltcaption 2021/01/08 v1.4c longtable captions (AR)
))
Package caption Info: New subtype `subfigure' on input line 238.
\c@subfigure=\count315
Package caption Info: New subtype `subtable' on input line 238.
\c@subtable=\count316
)
(/usr/local/texlive/2026/texmf-dist/tex/latex/xcolor/xcolor.sty
Package: xcolor 2024/09/29 v3.02 LaTeX color extensions (UK)

(/usr/local/texlive/2026/texmf-dist/tex/latex/graphics-cfg/color.cfg
File: color.cfg 2016/01/02 v1.6 sample color configuration
)
Package xcolor Info: Driver file: pdftex.def on input line 274.

(/usr/local/texlive/2026/texmf-dist/tex/latex/graphics/mathcolor.ltx)
Package xcolor Info: Model `cmy' substituted by `cmy0' on input line 1349.
Package xcolor Info: Model `hsb' substituted by `rgb' on input line 1353.
Package xcolor Info: Model `RGB' extended on input line 1365.
Package xcolor Info: Model `HTML' substituted by `rgb' on input line 1367.
Package xcolor Info: Model `Hsb' substituted by `hsb' on input line 1368.
Package xcolor Info: Model `tHsb' substituted by `hsb' on input line 1369.
Package xcolor Info: Model `HSB' substituted by `hsb' on input line 1370.
Package xcolor Info: Model `Gray' substituted by `gray' on input line 1371.
Package xcolor Info: Model `wave' substituted by `hsb' on input line 1372.
)
(/usr/local/texlive/2026/texmf-dist/tex/latex/parskip/parskip.sty
Package: parskip 2021-03-14 v2.0h non-zero parskip adjustments

(/usr/local/texlive/2026/texmf-dist/tex/latex/kvoptions/kvoptions.sty
Package: kvoptions 2022-06-15 v3.15 Key value format for package options (HO)

(/usr/local/texlive/2026/texmf-dist/tex/generic/ltxcmds/ltxcmds.sty
Package: ltxcmds 2023-12-04 v1.26 LaTeX kernel commands for general use (HO)
)
(/usr/local/texlive/2026/texmf-dist/tex/latex/kvsetkeys/kvsetkeys.sty
Package: kvsetkeys 2022-10-05 v1.19 Key value parser (HO)
)))
(/usr/local/texlive/2026/texmf-dist/tex/latex/setspace/setspace.sty
Package: setspace 2022/12/04 v6.7b set line spacing
)
(/usr/local/texlive/2026/texmf-dist/tex/latex/fancyhdr/fancyhdr.sty
Package: fancyhdr 2025/02/07 v5.2 Extensive control of page headers and footers

\f@nch@headwidth=\skip63
\f@nch@offset@elh=\skip64
\f@nch@offset@erh=\skip65
\f@nch@offset@olh=\skip66
\f@nch@offset@orh=\skip67
\f@nch@offset@elf=\skip68
\f@nch@offset@erf=\skip69
\f@nch@offset@olf=\skip70
\f@nch@offset@orf=\skip71
\f@nch@height=\skip72
\f@nch@footalignment=\skip73
\f@nch@widthL=\skip74
\f@nch@widthC=\skip75
\f@nch@widthR=\skip76
\@temptokenb=\toks33
)
(/usr/local/texlive/2026/texmf-dist/tex/latex/titlesec/titlesec.sty
Package: titlesec 2025/01/04 v2.17 Sectioning titles
\ttl@box=\box65
\beforetitleunit=\skip77
\aftertitleunit=\skip78
\ttl@plus=\dimen199
\ttl@minus=\dimen256
\ttl@toksa=\toks34
\titlewidth=\dimen257
\titlewidthlast=\dimen258
\titlewidthfirst=\dimen259
)
(/usr/local/texlive/2026/texmf-dist/tex/latex/enumitem/enumitem.sty
Package: enumitem 2025/02/06 v3.11 Customized lists
\labelindent=\skip79
\enit@outerparindent=\dimen260
\enit@toks=\toks35
\enit@inbox=\box66
\enit@count@id=\count317
\enitdp@description=\count318
)
(/usr/local/texlive/2026/texmf-dist/tex/latex/natbib/natbib.sty
Package: natbib 2010/09/13 8.31b (PWD, AO)
\bibhang=\skip80
\bibsep=\skip81
LaTeX Info: Redefining \cite on input line 694.
\c@NAT@ctr=\count319
)
(/usr/local/texlive/2026/texmf-dist/tex/latex/hyperref/hyperref.sty
Package: hyperref 2026-01-29 v7.01p Hypertext links for LaTeX

(/usr/local/texlive/2026/texmf-dist/tex/generic/kvdefinekeys/kvdefinekeys.sty
Package: kvdefinekeys 2019-12-19 v1.6 Define keys (HO)
)
(/usr/local/texlive/2026/texmf-dist/tex/generic/pdfescape/pdfescape.sty
Package: pdfescape 2019/12/09 v1.15 Implements pdfTeX's escape features (HO)

(/usr/local/texlive/2026/texmf-dist/tex/generic/pdftexcmds/pdftexcmds.sty
Package: pdftexcmds 2020-06-27 v0.33 Utility functions of pdfTeX for LuaTeX (HO
)

(/usr/local/texlive/2026/texmf-dist/tex/generic/infwarerr/infwarerr.sty
Package: infwarerr 2019/12/03 v1.5 Providing info/warning/error messages (HO)
)
Package pdftexcmds Info: \pdf@primitive is available.
Package pdftexcmds Info: \pdf@ifprimitive is available.
Package pdftexcmds Info: \pdfdraftmode found.
))
(/usr/local/texlive/2026/texmf-dist/tex/latex/hycolor/hycolor.sty
Package: hycolor 2020-01-27 v1.10 Color options for hyperref/bookmark (HO)
)
(/usr/local/texlive/2026/texmf-dist/tex/latex/hyperref/nameref.sty
Package: nameref 2026-01-29 v2.58 Cross-referencing by name of section

(/usr/local/texlive/2026/texmf-dist/tex/latex/refcount/refcount.sty
Package: refcount 2019/12/15 v3.6 Data extraction from label references (HO)
)
(/usr/local/texlive/2026/texmf-dist/tex/generic/gettitlestring/gettitlestring.s
ty
Package: gettitlestring 2019/12/15 v1.6 Cleanup title references (HO)
)
\c@section@level=\count320
) (/usr/local/texlive/2026/texmf-dist/tex/generic/stringenc/stringenc.sty
Package: stringenc 2019/11/29 v1.12 Convert strings between diff. encodings (HO
)
)
\@linkdim=\dimen261
\Hy@linkcounter=\count321
\Hy@pagecounter=\count322

(/usr/local/texlive/2026/texmf-dist/tex/latex/hyperref/pd1enc.def
File: pd1enc.def 2026-01-29 v7.01p Hyperref: PDFDocEncoding definition (HO)
Now handling font encoding PD1 ...
... no UTF-8 mapping file for font encoding PD1
)
(/usr/local/texlive/2026/texmf-dist/tex/generic/intcalc/intcalc.sty
Package: intcalc 2019/12/15 v1.3 Expandable calculations with integers (HO)
)
\Hy@SavedSpaceFactor=\count323

(/usr/local/texlive/2026/texmf-dist/tex/latex/hyperref/puenc.def
File: puenc.def 2026-01-29 v7.01p Hyperref: PDF Unicode definition (HO)
Now handling font encoding PU ...
... no UTF-8 mapping file for font encoding PU
)
Package hyperref Info: Option `colorlinks' set `true' on input line 4072.
Package hyperref Info: Hyper figures OFF on input line 4201.
Package hyperref Info: Link nesting OFF on input line 4206.
Package hyperref Info: Hyper index ON on input line 4209.
Package hyperref Info: Plain pages OFF on input line 4216.
Package hyperref Info: Backreferencing OFF on input line 4221.
Package hyperref Info: Implicit mode ON; LaTeX internals redefined.
Package hyperref Info: Bookmarks ON on input line 4468.
\c@Hy@tempcnt=\count324

(/usr/local/texlive/2026/texmf-dist/tex/latex/url/url.sty
\Urlmuskip=\muskip18
Package: url 2013/09/16  ver 3.4  Verb mode for urls, etc.
)
LaTeX Info: Redefining \url on input line 4807.
\XeTeXLinkMargin=\dimen262

(/usr/local/texlive/2026/texmf-dist/tex/generic/bitset/bitset.sty
Package: bitset 2019/12/09 v1.3 Handle bit-vector datatype (HO)

(/usr/local/texlive/2026/texmf-dist/tex/generic/bigintcalc/bigintcalc.sty
Package: bigintcalc 2019/12/15 v1.5 Expandable calculations on big integers (HO
)
))
\Fld@menulength=\count325
\Field@Width=\dimen263
\Fld@charsize=\dimen264
Package hyperref Info: Hyper figures OFF on input line 6084.
Package hyperref Info: Link nesting OFF on input line 6089.
Package hyperref Info: Hyper index ON on input line 6092.
Package hyperref Info: backreferencing OFF on input line 6099.
Package hyperref Info: Link coloring ON on input line 6102.
Package hyperref Info: Link coloring with OCG OFF on input line 6109.
Package hyperref Info: PDF/A mode OFF on input line 6114.
\Hy@abspage=\count326
\c@Item=\count327
\c@Hfootnote=\count328
)
Package hyperref Info: Driver (autodetected): hpdftex.

(/usr/local/texlive/2026/texmf-dist/tex/latex/hyperref/hpdftex.def
File: hpdftex.def 2026-01-29 v7.01p Hyperref driver for pdfTeX
\Fld@listcount=\count329
\c@bookmark@seq@number=\count330

(/usr/local/texlive/2026/texmf-dist/tex/latex/rerunfilecheck/rerunfilecheck.sty
Package: rerunfilecheck 2025-06-21 v1.11 Rerun checks for auxiliary files (HO)

(/usr/local/texlive/2026/texmf-dist/tex/generic/uniquecounter/uniquecounter.sty
Package: uniquecounter 2019/12/15 v1.4 Provide unlimited unique counter (HO)
)
Package uniquecounter Info: New unique counter `rerunfilecheck' on input line 2
84.
)
\Hy@SectionHShift=\skip82
) (/usr/local/texlive/2026/texmf-dist/tex/latex/pdfpages/pdfpages.sty
Package: pdfpages 2025/07/23 v0.6g Insert pages of external PDF documents (AM)

(/usr/local/texlive/2026/texmf-dist/tex/latex/base/ifthen.sty
Package: ifthen 2024/03/16 v1.1e Standard LaTeX ifthen package (DPC)
)
(/usr/local/texlive/2026/texmf-dist/tex/latex/tools/calc.sty
Package: calc 2025/03/01 v4.3b Infix arithmetic (KKT,FJ)
\calc@Acount=\count331
\calc@Bcount=\count332
\calc@Adimen=\dimen265
\calc@Bdimen=\dimen266
\calc@Askip=\skip83
\calc@Bskip=\skip84
LaTeX Info: Redefining \setlength on input line 86.
LaTeX Info: Redefining \addtolength on input line 87.
\calc@Ccount=\count333
\calc@Cskip=\skip85
)
(/usr/local/texlive/2026/texmf-dist/tex/latex/eso-pic/eso-pic.sty
Package: eso-pic 2025/12/10 v3.0d eso-pic (RN)
\ESO@tempdima=\dimen267
\ESO@tempdimb=\dimen268
)
\AM@pagewidth=\dimen269
\AM@pageheight=\dimen270
\AM@fboxrule=\dimen271

(/usr/local/texlive/2026/texmf-dist/tex/latex/pdfpages/pppdftex.def
File: pppdftex.def 2025/07/23 v0.6g Pdfpages driver for pdfTeX (AM)
)
\pdfpages@includegraphics@status=\count334
\AM@pagebox=\box67
\AM@global@opts=\toks36
\AM@pagecnt=\count335
\AM@toc@title=\toks37
\AM@lof@heading=\toks38
\c@AM@survey=\count336
\AM@templatesizebox=\box68
)
LaTeX Font Info:    Trying to load font information for T1+lmr on input line 80
.

(/usr/local/texlive/2026/texmf-dist/tex/latex/lm/t1lmr.fd
File: t1lmr.fd 2015/05/01 v1.6.1 Font defs for Latin Modern
)
(/usr/local/texlive/2026/texmf-dist/tex/latex/l3backend/l3backend-pdftex.def
File: l3backend-pdftex.def 2025-10-09 L3 backend support: PDF output (pdfTeX)
\l__color_backend_stack_int=\count337
)
(./report.aux)
\openout1 = `report.aux'.

LaTeX Font Info:    Checking defaults for OML/cmm/m/it on input line 80.
LaTeX Font Info:    ... okay on input line 80.
LaTeX Font Info:    Checking defaults for OMS/cmsy/m/n on input line 80.
LaTeX Font Info:    ... okay on input line 80.
LaTeX Font Info:    Checking defaults for OT1/cmr/m/n on input line 80.
LaTeX Font Info:    ... okay on input line 80.
LaTeX Font Info:    Checking defaults for T1/cmr/m/n on input line 80.
LaTeX Font Info:    ... okay on input line 80.
LaTeX Font Info:    Checking defaults for TS1/cmr/m/n on input line 80.
LaTeX Font Info:    ... okay on input line 80.
LaTeX Font Info:    Checking defaults for OMX/cmex/m/n on input line 80.
LaTeX Font Info:    ... okay on input line 80.
LaTeX Font Info:    Checking defaults for U/cmr/m/n on input line 80.
LaTeX Font Info:    ... okay on input line 80.
LaTeX Font Info:    Checking defaults for PD1/pdf/m/n on input line 80.
LaTeX Font Info:    ... okay on input line 80.
LaTeX Font Info:    Checking defaults for PU/pdf/m/n on input line 80.
LaTeX Font Info:    ... okay on input line 80.

*geometry* driver: auto-detecting
*geometry* detected driver: pdftex
*geometry* verbose mode - [ preamble ] result:
* driver: pdftex
* paper: a4paper
* layout: <same size as paper>
* layoutoffset:(h,v)=(0.0pt,0.0pt)
* modes: 
* h-part:(L,W,R)=(85.35826pt, 441.01773pt, 71.13188pt)
* v-part:(T,H,B)=(71.13188pt, 702.78308pt, 71.13188pt)
* \paperwidth=597.50787pt
* \paperheight=845.04684pt
* \textwidth=441.01773pt
* \textheight=702.78308pt
* \oddsidemargin=13.08827pt
* \evensidemargin=13.08827pt
* \topmargin=-38.1381pt
* \headheight=15.0pt
* \headsep=25.0pt
* \topskip=12.0pt
* \footskip=30.0pt
* \marginparwidth=35.0pt
* \marginparsep=10.0pt
* \columnsep=10.0pt
* \skip\footins=10.8pt plus 4.0pt minus 2.0pt
* \hoffset=0.0pt
* \voffset=0.0pt
* \mag=1000
* \@twocolumnfalse
* \@twosidefalse
* \@mparswitchfalse
* \@reversemarginfalse
* (1in=72.27pt=25.4mm, 1cm=28.453pt)

LaTeX Info: Redefining \microtypecontext on input line 80.
Package microtype Info: Applying patch `item' on input line 80.
Package microtype Info: Applying patch `toc' on input line 80.
Package microtype Info: Applying patch `eqnum' on input line 80.
Package microtype Info: Applying patch `footnote' on input line 80.
Package microtype Info: Applying patch `verbatim' on input line 80.
LaTeX Info: Redefining \microtypesetup on input line 80.
Package microtype Info: Generating PDF output.
Package microtype Info: Character protrusion enabled (level 2).
Package microtype Info: Using default protrusion set `alltext'.
Package microtype Info: Automatic font expansion enabled (level 2),
(microtype)             stretch: 20, shrink: 20, step: 1, non-selected.
Package microtype Info: Using default expansion set `alltext-nott'.
Package microtype Info: Patching command `\showhyphens'.
Package microtype Info: No adjustment of tracking.
Package microtype Info: No adjustment of interword spacing.
Package microtype Info: No adjustment of character kerning.
(/usr/local/texlive/2026/texmf-dist/tex/latex/microtype/mt-cmr.cfg
File: mt-cmr.cfg 2013/05/19 v2.2 microtype config. file: Computer Modern Roman 
(RS)
)
(/usr/local/texlive/2026/texmf-dist/tex/context/base/mkii/supp-pdf.mkii
[Loading MPS to PDF converter (version 2006.09.02).]
\scratchcounter=\count338
\scratchdimen=\dimen272
\scratchbox=\box69
\nofMPsegments=\count339
\nofMParguments=\count340
\everyMPshowfont=\toks39
\MPscratchCnt=\count341
\MPscratchDim=\dimen273
\MPnumerator=\count342
\makeMPintoPDFobject=\count343
\everyMPtoPDFconversion=\toks40
) (/usr/local/texlive/2026/texmf-dist/tex/latex/epstopdf-pkg/epstopdf-base.sty
Package: epstopdf-base 2020-01-24 v2.11 Base part for package epstopdf
Package epstopdf-base Info: Redefining graphics rule for `.eps' on input line 4
85.

(/usr/local/texlive/2026/texmf-dist/tex/latex/latexconfig/epstopdf-sys.cfg
File: epstopdf-sys.cfg 2010/07/13 v1.3 Configuration of (r)epstopdf for TeX Liv
e
))
Package caption Info: Begin \AtBeginDocument code.
Package caption Info: hyperref package is loaded.
Package caption Info: End \AtBeginDocument code.
Package hyperref Info: Link coloring ON on input line 80.

(./report.out) (./report.out)
\@outlinefile=\write3
\openout3 = `report.out'.


(/usr/local/texlive/2026/texmf-dist/tex/latex/pdflscape/pdflscape.sty
Package: pdflscape 2025-06-23 v0.14 Display of landscape pages in PDF

(/usr/local/texlive/2026/texmf-dist/tex/latex/pdflscape/pdflscape-nometadata.st
y
Package: pdflscape-nometadata 2025-06-23 v0.14 Display of landscape pages in PD
F (HO)
 (/usr/local/texlive/2026/texmf-dist/tex/latex/graphics/lscape.sty
Package: lscape 2020/05/28 v3.02 Landscape Pages (DPC)
)
Package pdflscape Info: Auto-detected driver: pdftex on input line 81.
))
LaTeX Font Info:    Trying to load font information for OT1+lmr on input line 1
03.

(/usr/local/texlive/2026/texmf-dist/tex/latex/lm/ot1lmr.fd
File: ot1lmr.fd 2015/05/01 v1.6.1 Font defs for Latin Modern
)
LaTeX Font Info:    Trying to load font information for OML+lmm on input line 1
03.

(/usr/local/texlive/2026/texmf-dist/tex/latex/lm/omllmm.fd
File: omllmm.fd 2015/05/01 v1.6.1 Font defs for Latin Modern
)
LaTeX Font Info:    Trying to load font information for OMS+lmsy on input line 
103.

(/usr/local/texlive/2026/texmf-dist/tex/latex/lm/omslmsy.fd
File: omslmsy.fd 2015/05/01 v1.6.1 Font defs for Latin Modern
)
LaTeX Font Info:    Trying to load font information for OMX+lmex on input line 
103.

(/usr/local/texlive/2026/texmf-dist/tex/latex/lm/omxlmex.fd
File: omxlmex.fd 2015/05/01 v1.6.1 Font defs for Latin Modern
)
LaTeX Font Info:    External font `lmex10' loaded for size
(Font)              <12> on input line 103.
LaTeX Font Info:    External font `lmex10' loaded for size
(Font)              <8> on input line 103.
LaTeX Font Info:    External font `lmex10' loaded for size
(Font)              <6> on input line 103.
LaTeX Font Info:    Trying to load font information for U+msa on input line 103
.

(/usr/local/texlive/2026/texmf-dist/tex/latex/amsfonts/umsa.fd
File: umsa.fd 2013/01/14 v3.01 AMS symbols A
)
(/usr/local/texlive/2026/texmf-dist/tex/latex/microtype/mt-msa.cfg
File: mt-msa.cfg 2006/02/04 v1.1 microtype config. file: AMS symbols (a) (RS)
)
LaTeX Font Info:    Trying to load font information for U+msb on input line 103
.

(/usr/local/texlive/2026/texmf-dist/tex/latex/amsfonts/umsb.fd
File: umsb.fd 2013/01/14 v3.01 AMS symbols B
)
(/usr/local/texlive/2026/texmf-dist/tex/latex/microtype/mt-msb.cfg
File: mt-msb.cfg 2005/06/01 v1.0 microtype config. file: AMS symbols (b) (RS)
)
LaTeX Font Info:    External font `lmex10' loaded for size
(Font)              <14.4> on input line 115.
LaTeX Font Info:    External font `lmex10' loaded for size
(Font)              <10> on input line 115.
LaTeX Font Info:    External font `lmex10' loaded for size
(Font)              <7> on input line 115.
 [1

{/usr/local/texlive/2026/texmf-var/fonts/map/pdftex/updmap/pdftex.map}{/usr/loc
al/texlive/2026/texmf-dist/fonts/enc/dvips/lm/lm-ec.enc}]

Package fancyhdr Warning: \headheight is too small (15.0pt): 
(fancyhdr)                Make it at least 24.01996pt, for example:
(fancyhdr)                \setlength{\headheight}{24.01996pt}.
(fancyhdr)                You might also make \topmargin smaller:
(fancyhdr)                \addtolength{\topmargin}{-9.01996pt}.

[2]

Package fancyhdr Warning: \headheight is too small (15.0pt): 
(fancyhdr)                Make it at least 24.01996pt, for example:
(fancyhdr)                \setlength{\headheight}{24.01996pt}.
(fancyhdr)                You might also make \topmargin smaller:
(fancyhdr)                \addtolength{\topmargin}{-9.01996pt}.


pdfTeX warning (ext4): destination with the same identifier (name{page.i}) has 
been already used, duplicate ignored
<to be read again> 
                   \relax 
l.137 \newpage
               [1] (./report.toc

Package fancyhdr Warning: \headheight is too small (15.0pt): 
(fancyhdr)                Make it at least 24.01996pt, for example:
(fancyhdr)                \setlength{\headheight}{24.01996pt}.
(fancyhdr)                You might also make \topmargin smaller:
(fancyhdr)                \addtolength{\topmargin}{-9.01996pt}.


pdfTeX warning (ext4): destination with the same identifier (name{page.ii}) has
 been already used, duplicate ignored
<to be read again> 
                   \relax 
l.37 ...on Tree baseline}{19}{subsubsection.3.3.2}
                                                  % [2])
\tf@toc=\write4
\openout4 = `report.toc'.



Package fancyhdr Warning: \headheight is too small (15.0pt): 
(fancyhdr)                Make it at least 24.01996pt, for example:
(fancyhdr)                \setlength{\headheight}{24.01996pt}.
(fancyhdr)                You might also make \topmargin smaller:
(fancyhdr)                \addtolength{\topmargin}{-9.01996pt}.

[3] (./report.lof
LaTeX Font Info:    Trying to load font information for T1+lmtt on input line 3
.
 (/usr/local/texlive/2026/texmf-dist/tex/latex/lm/t1lmtt.fd
File: t1lmtt.fd 2015/05/01 v1.6.1 Font defs for Latin Modern
)
Package microtype Info: Loading generic protrusion settings for font family
(microtype)             `lmtt' (encoding: T1).
(microtype)             For optimal results, create family-specific settings.
(microtype)             See the microtype manual for details.


Package fancyhdr Warning: \headheight is too small (15.0pt): 
(fancyhdr)                Make it at least 24.01996pt, for example:
(fancyhdr)                \setlength{\headheight}{24.01996pt}.
(fancyhdr)                You might also make \topmargin smaller:
(fancyhdr)                \addtolength{\topmargin}{-9.01996pt}.

[4{/usr/local/texlive/2026/texmf-dist/fonts/enc/dvips/lm/lm-mathsy.enc}])
\tf@lof=\write5
\openout5 = `report.lof'.


(./report.lot)
\tf@lot=\write6
\openout6 = `report.lot'.



Package fancyhdr Warning: \headheight is too small (15.0pt): 
(fancyhdr)                Make it at least 24.01996pt, for example:
(fancyhdr)                \setlength{\headheight}{24.01996pt}.
(fancyhdr)                You might also make \topmargin smaller:
(fancyhdr)                \addtolength{\topmargin}{-9.01996pt}.

[5]

Package fancyhdr Warning: \headheight is too small (15.0pt): 
(fancyhdr)                Make it at least 24.01996pt, for example:
(fancyhdr)                \setlength{\headheight}{24.01996pt}.
(fancyhdr)                You might also make \topmargin smaller:
(fancyhdr)                \addtolength{\topmargin}{-9.01996pt}.

[1{/usr/local/texlive/2026/texmf-dist/fonts/enc/dvips/lm/lm-rm.enc}{/usr/local/
texlive/2026/texmf-dist/fonts/enc/dvips/lm/lm-mathit.enc}]
LaTeX Font Info:    Trying to load font information for TS1+lmr on input line 1
84.

(/usr/local/texlive/2026/texmf-dist/tex/latex/lm/ts1lmr.fd
File: ts1lmr.fd 2015/05/01 v1.6.1 Font defs for Latin Modern
)
LaTeX Font Info:    External font `lmex10' loaded for size
(Font)              <10.95> on input line 200.


Package fancyhdr Warning: \headheight is too small (15.0pt): 
(fancyhdr)                Make it at least 24.01996pt, for example:
(fancyhdr)                \setlength{\headheight}{24.01996pt}.
(fancyhdr)                You might also make \topmargin smaller:
(fancyhdr)                \addtolength{\topmargin}{-9.01996pt}.

[2{/usr/local/texlive/2026/texmf-dist/fonts/enc/dvips/lm/lm-ts1.enc}]
Overfull \hbox (3.02951pt too wide) in paragraph at lines 252--252
[]|\T1/lmtt/m/n/12 Flight_Distance_KM|  
 []


Overfull \hbox (15.37952pt too wide) in paragraph at lines 253--253
[]|\T1/lmtt/m/n/12 Average_Ticket_Price|  
 []


Overfull \hbox (3.02951pt too wide) in paragraph at lines 257--257
[]|\T1/lmtt/m/n/12 Aircraft_Age_Years|  
 []


Overfull \hbox (15.37952pt too wide) in paragraph at lines 258--258
[]|\T1/lmtt/m/n/12 Fuel_Price_Per_Liter|  
 []


Overfull \hbox (9.20451pt too wide) in paragraph at lines 260--260
[]|\T1/lmtt/m/n/12 On_Time_Performance|  
 []


Overfull \hbox (64.77954pt too wide) in paragraph at lines 261--261
[]|\T1/lmtt/m/n/12 Passenger_Satisfaction_Score|  
 []


Overfull \hbox (3.02951pt too wide) in paragraph at lines 268--268
[]|\T1/lmtt/m/n/12 load_revenue_ratio|  
 []


ignored: Infinite glue shrinkage found in box being split

Package fancyhdr Warning: \headheight is too small (15.0pt): 
(fancyhdr)                Make it at least 24.01996pt, for example:
(fancyhdr)                \setlength{\headheight}{24.01996pt}.
(fancyhdr)                You might also make \topmargin smaller:
(fancyhdr)                \addtolength{\topmargin}{-9.01996pt}.

[3]
Overfull \hbox (58.51953pt too wide) in paragraph at lines 285--286
[]\T1/lmr/m/n/12 (-20) Column types spanned three cat-e-gories: nu-mer-i-cal co
n-tin-u-ous (\T1/lmtt/m/n/12 Load_Factor\T1/lmr/m/n/12 (-20) , \T1/lmtt/m/n/12 
Flight_Distance_KM\T1/lmr/m/n/12 (-20) ,
 []

<./processed_data/fig1_class_and_load.png, id=488, 859.5312pt x 352.1958pt>
File: ./processed_data/fig1_class_and_load.png Graphic file (type png)
<use ./processed_data/fig1_class_and_load.png>
Package pdftex.def Info: ./processed_data/fig1_class_and_load.png  used on inpu
t line 291.
(pdftex.def)             Requested size: 374.86775pt x 153.607pt.

Package fancyhdr Warning: \headheight is too small (15.0pt): 
(fancyhdr)                Make it at least 24.01996pt, for example:
(fancyhdr)                \setlength{\headheight}{24.01996pt}.
(fancyhdr)                You might also make \topmargin smaller:
(fancyhdr)                \addtolength{\topmargin}{-9.01996pt}.

[4]
<./processed_data/fig0_outlier_detection.png, id=495, 1293.633pt x 853.2678pt>
File: ./processed_data/fig0_outlier_detection.png Graphic file (type png)
<use ./processed_data/fig0_outlier_detection.png>
Package pdftex.def Info: ./processed_data/fig0_outlier_detection.png  used on i
nput line 312.
(pdftex.def)             Requested size: 396.91325pt x 261.78915pt.


Package fancyhdr Warning: \headheight is too small (15.0pt): 
(fancyhdr)                Make it at least 24.01996pt, for example:
(fancyhdr)                \setlength{\headheight}{24.01996pt}.
(fancyhdr)                You might also make \topmargin smaller:
(fancyhdr)                \addtolength{\topmargin}{-9.01996pt}.

[5 <./processed_data/fig1_class_and_load.png>]
LaTeX Font Info:    Font shape `T1/lmtt/bx/n' in size <12> not available
(Font)              Font shape `T1/lmtt/b/n' tried instead on input line 325.


Package fancyhdr Warning: \headheight is too small (15.0pt): 
(fancyhdr)                Make it at least 24.01996pt, for example:
(fancyhdr)                \setlength{\headheight}{24.01996pt}.
(fancyhdr)                You might also make \topmargin smaller:
(fancyhdr)                \addtolength{\topmargin}{-9.01996pt}.

[6 <./processed_data/fig0_outlier_detection.png>]
<./processed_data/fig_log1p_transforms.png, id=509, 1004.0712pt x 858.0858pt>
File: ./processed_data/fig_log1p_transforms.png Graphic file (type png)
<use ./processed_data/fig_log1p_transforms.png>
Package pdftex.def Info: ./processed_data/fig_log1p_transforms.png  used on inp
ut line 346.
(pdftex.def)             Requested size: 396.91325pt x 339.1955pt.


Package fancyhdr Warning: \headheight is too small (15.0pt): 
(fancyhdr)                Make it at least 24.01996pt, for example:
(fancyhdr)                \setlength{\headheight}{24.01996pt}.
(fancyhdr)                You might also make \topmargin smaller:
(fancyhdr)                \addtolength{\topmargin}{-9.01996pt}.

[7]
<./processed_data/fig2_boxplots.png, id=515, 1149.093pt x 586.3506pt>
File: ./processed_data/fig2_boxplots.png Graphic file (type png)
<use ./processed_data/fig2_boxplots.png>
Package pdftex.def Info: ./processed_data/fig2_boxplots.png  used on input line
 360.
(pdftex.def)             Requested size: 396.91325pt x 202.53275pt.


Package fancyhdr Warning: \headheight is too small (15.0pt): 
(fancyhdr)                Make it at least 24.01996pt, for example:
(fancyhdr)                \setlength{\headheight}{24.01996pt}.
(fancyhdr)                You might also make \topmargin smaller:
(fancyhdr)                \addtolength{\topmargin}{-9.01996pt}.

[8 <./processed_data/fig_log1p_transforms.png>]
<./processed_data/fig3_season_profitability.png, id=522, 642.7212pt x 352.1958p
t>
File: ./processed_data/fig3_season_profitability.png Graphic file (type png)
<use ./processed_data/fig3_season_profitability.png>
Package pdftex.def Info: ./processed_data/fig3_season_profitability.png  used o
n input line 371.
(pdftex.def)             Requested size: 330.76329pt x 181.24582pt.

Overfull \hbox (32.9773pt too wide) in paragraph at lines 378--379
\T1/lmr/m/n/12 (-20) and \T1/lmtt/m/n/12 price_per_km \T1/lmr/m/n/12 (-20) have
 the strongest pos-i-tive cor-re-la-tion with the tar-get. \T1/lmtt/m/n/12 Comp
etition_Index
 []


Package fancyhdr Warning: \headheight is too small (15.0pt): 
(fancyhdr)                Make it at least 24.01996pt, for example:
(fancyhdr)                \setlength{\headheight}{24.01996pt}.
(fancyhdr)                You might also make \topmargin smaller:
(fancyhdr)                \addtolength{\topmargin}{-9.01996pt}.

[9 <./processed_data/fig2_boxplots.png> <./processed_data/fig3_season_profitabi
lity.png>]
<./processed_data/fig4_correlation.png, id=530, 722.7pt x 641.7576pt>
File: ./processed_data/fig4_correlation.png Graphic file (type png)
<use ./processed_data/fig4_correlation.png>
Package pdftex.def Info: ./processed_data/fig4_correlation.png  used on input l
ine 382.
(pdftex.def)             Requested size: 396.91325pt x 352.45856pt.
<./processed_data/fig5_pca.png, id=532, 714.9912pt x 424.4658pt>
File: ./processed_data/fig5_pca.png Graphic file (type png)
<use ./processed_data/fig5_pca.png>
Package pdftex.def Info: ./processed_data/fig5_pca.png  used on input line 393.

(pdftex.def)             Requested size: 317.5333pt x 188.50778pt.


Package fancyhdr Warning: \headheight is too small (15.0pt): 
(fancyhdr)                Make it at least 24.01996pt, for example:
(fancyhdr)                \setlength{\headheight}{24.01996pt}.
(fancyhdr)                You might also make \topmargin smaller:
(fancyhdr)                \addtolength{\topmargin}{-9.01996pt}.

[10 <./processed_data/fig4_correlation.png>]
<./processed_data/fig6_density_load_factor.png, id=539, 713.5458pt x 352.1958pt
>
File: ./processed_data/fig6_density_load_factor.png Graphic file (type png)
<use ./processed_data/fig6_density_load_factor.png>
Package pdftex.def Info: ./processed_data/fig6_density_load_factor.png  used on
 input line 404.
(pdftex.def)             Requested size: 317.5333pt x 156.72932pt.

Overfull \hbox (3.99858pt too wide) in paragraph at lines 429--429
[]|\T1/lmtt/m/n/12 Average_Ticket_Price|  
 []


Overfull \hbox (3.99858pt too wide) in paragraph at lines 434--434
[]|\T1/lmtt/m/n/12 Fuel_Price_Per_Liter|  
 []


Overfull \hbox (53.3986pt too wide) in paragraph at lines 438--438
[]|\T1/lmtt/m/n/12 Passenger_Satisfaction_Score|  
 []


ignored: Infinite glue shrinkage found in box being split

Package fancyhdr Warning: \headheight is too small (15.0pt): 
(fancyhdr)                Make it at least 24.01996pt, for example:
(fancyhdr)                \setlength{\headheight}{24.01996pt}.
(fancyhdr)                You might also make \topmargin smaller:
(fancyhdr)                \addtolength{\topmargin}{-9.01996pt}.

[11 <./processed_data/fig5_pca.png> <./processed_data/fig6_density_load_factor.
png>]

Package fancyhdr Warning: \headheight is too small (15.0pt): 
(fancyhdr)                Make it at least 24.01996pt, for example:
(fancyhdr)                \setlength{\headheight}{24.01996pt}.
(fancyhdr)                You might also make \topmargin smaller:
(fancyhdr)                \addtolength{\topmargin}{-9.01996pt}.

[12]
Overfull \hbox (65.7346pt too wide) in paragraph at lines 493--504
 [][] 
 []


Package fancyhdr Warning: \headheight is too small (15.0pt): 
(fancyhdr)                Make it at least 24.01996pt, for example:
(fancyhdr)                \setlength{\headheight}{24.01996pt}.
(fancyhdr)                You might also make \topmargin smaller:
(fancyhdr)                \addtolength{\topmargin}{-9.01996pt}.

[13]
Overfull \hbox (6.38705pt too wide) in paragraph at lines 519--520
\T1/lmtt/m/n/12 max_depth=7\T1/lmr/m/n/12 (-20) , \T1/lmtt/m/n/12 criterion=gin
i\T1/lmr/m/n/12 (-20) , \T1/lmtt/m/n/12 min_samples_leaf=20\T1/lmr/m/n/12 (-20)
 , \T1/lmtt/m/n/12 class_weight=balanced\T1/lmr/m/n/12 (-20) . The
 []

<./RF_DT_Gokulkrishna/figures/dt_tree_viz_gokulkrishna.png, id=561, 1438.173pt 
x 571.6557pt>
File: ./RF_DT_Gokulkrishna/figures/dt_tree_viz_gokulkrishna.png Graphic file (t
ype png)
<use ./RF_DT_Gokulkrishna/figures/dt_tree_viz_gokulkrishna.png>
Package pdftex.def Info: ./RF_DT_Gokulkrishna/figures/dt_tree_viz_gokulkrishna.
png  used on input line 523.
(pdftex.def)             Requested size: 396.91325pt x 157.76842pt.

Overfull \hbox (49.35509pt too wide) in paragraph at lines 539--540
[]\T1/lmr/m/n/12 (-20) Best pa-ram-e-ters: \T1/lmtt/m/n/12 n_estimators=200\T1/
lmr/m/n/12 (-20) , \T1/lmtt/m/n/12 max_depth=15\T1/lmr/m/n/12 (-20) , \T1/lmtt/
m/n/12 max_features=0.3\T1/lmr/m/n/12 (-20) , \T1/lmtt/m/n/12 min_samples_leaf=
5\T1/lmr/m/n/12 (-20) .
 []


Package fancyhdr Warning: \headheight is too small (15.0pt): 
(fancyhdr)                Make it at least 24.01996pt, for example:
(fancyhdr)                \setlength{\headheight}{24.01996pt}.
(fancyhdr)                You might also make \topmargin smaller:
(fancyhdr)                \addtolength{\topmargin}{-9.01996pt}.

[14 <./RF_DT_Gokulkrishna/figures/dt_tree_viz_gokulkrishna.png>]
Overfull \hbox (90.49146pt too wide) in paragraph at lines 547--555
 [][] 
 []

<./RF_DT_Gokulkrishna/figures/rf_cm_roc_test_gokulkrishna.png, id=568, 931.3194
pt x 352.1958pt>
File: ./RF_DT_Gokulkrishna/figures/rf_cm_roc_test_gokulkrishna.png Graphic file
 (type png)
<use ./RF_DT_Gokulkrishna/figures/rf_cm_roc_test_gokulkrishna.png>
Package pdftex.def Info: ./RF_DT_Gokulkrishna/figures/rf_cm_roc_test_gokulkrish
na.png  used on input line 561.
(pdftex.def)             Requested size: 374.86775pt x 141.76254pt.
<./RF_DT_Gokulkrishna/figures/rf_tuned_learning_curve_gokulkrishna.png, id=570,
 642.7212pt x 352.1958pt>
File: ./RF_DT_Gokulkrishna/figures/rf_tuned_learning_curve_gokulkrishna.png Gra
phic file (type png)
<use ./RF_DT_Gokulkrishna/figures/rf_tuned_learning_curve_gokulkrishna.png>
Package pdftex.def Info: ./RF_DT_Gokulkrishna/figures/rf_tuned_learning_curve_g
okulkrishna.png  used on input line 570.
(pdftex.def)             Requested size: 330.76329pt x 181.24582pt.

Package fancyhdr Warning: \headheight is too small (15.0pt): 
(fancyhdr)                Make it at least 24.01996pt, for example:
(fancyhdr)                \setlength{\headheight}{24.01996pt}.
(fancyhdr)                You might also make \topmargin smaller:
(fancyhdr)                \addtolength{\topmargin}{-9.01996pt}.

[15 <./RF_DT_Gokulkrishna/figures/rf_cm_roc_test_gokulkrishna.png>]
Overfull \hbox (17.29984pt too wide) in paragraph at lines 575--576
\T1/lmtt/m/n/12 price_per_km\T1/lmr/m/n/12 (-20) . Per-mu-ta-tion im-por-tance 
(test set, 30 re-peats) ranked: \T1/lmtt/m/n/12 Aircraft_Capacity\T1/lmr/m/n/12
 (-20) ,
 []


Overfull \hbox (9.4988pt too wide) in paragraph at lines 575--576
\T1/lmtt/m/n/12 Average_Ticket_Price\T1/lmr/m/n/12 (-20) , \T1/lmtt/m/n/12 is_n
arrow_body\T1/lmr/m/n/12 (-20) , \T1/lmtt/m/n/12 load_revenue_ratio\T1/lmr/m/n/
12 (-20) , \T1/lmtt/m/n/12 price_per_km\T1/lmr/m/n/12 (-20) . Three
 []

<./RF_DT_Gokulkrishna/figures/rf_perm_importance_gokulkrishna.png, id=577, 1149
.093pt x 424.4658pt>
File: ./RF_DT_Gokulkrishna/figures/rf_perm_importance_gokulkrishna.png Graphic 
file (type png)
<use ./RF_DT_Gokulkrishna/figures/rf_perm_importance_gokulkrishna.png>
Package pdftex.def Info: ./RF_DT_Gokulkrishna/figures/rf_perm_importance_gokulk
rishna.png  used on input line 579.
(pdftex.def)             Requested size: 330.76329pt x 122.1787pt.

Package fancyhdr Warning: \headheight is too small (15.0pt): 
(fancyhdr)                Make it at least 24.01996pt, for example:
(fancyhdr)                \setlength{\headheight}{24.01996pt}.
(fancyhdr)                You might also make \topmargin smaller:
(fancyhdr)                \addtolength{\topmargin}{-9.01996pt}.

[16 <./RF_DT_Gokulkrishna/figures/rf_tuned_learning_curve_gokulkrishna.png> <./
RF_DT_Gokulkrishna/figures/rf_perm_importance_gokulkrishna.png>]
Overfull \hbox (52.98413pt too wide) in paragraph at lines 596--597
\T1/lmr/m/n/12 (-20) Best DT pa-ram-e-ters (Grid-SearchCV): \T1/lmtt/m/n/12 cri
terion=entropy\T1/lmr/m/n/12 (-20) , \T1/lmtt/m/n/12 max_depth=7\T1/lmr/m/n/12 
(-20) , \T1/lmtt/m/n/12 min_samples_leaf=15\T1/lmr/m/n/12 (-20) .
 []

<./XGBoost_DT_Joel/figures/dt_tree_viz_joel.png, id=587, 1438.173pt x 571.6557p
t>
File: ./XGBoost_DT_Joel/figures/dt_tree_viz_joel.png Graphic file (type png)
<use ./XGBoost_DT_Joel/figures/dt_tree_viz_joel.png>
Package pdftex.def Info: ./XGBoost_DT_Joel/figures/dt_tree_viz_joel.png  used o
n input line 600.
(pdftex.def)             Requested size: 396.91325pt x 157.76842pt.

Overfull \hbox (25.30132pt too wide) in paragraph at lines 617--618
[]\T1/lmr/m/n/12 (-20) Best pa-ram-e-ters: \T1/lmtt/m/n/12 n_estimators=200\T1/
lmr/m/n/12 (-20) , \T1/lmtt/m/n/12 max_depth=7\T1/lmr/m/n/12 (-20) , \T1/lmtt/m
/n/12 learning_rate=0.05\T1/lmr/m/n/12 (-20) , \T1/lmtt/m/n/12 subsample=0.7\T1
/lmr/m/n/12 (-20) ,
 []


Overfull \hbox (81.19107pt too wide) in paragraph at lines 625--633
 [][] 
 []


Package fancyhdr Warning: \headheight is too small (15.0pt): 
(fancyhdr)                Make it at least 24.01996pt, for example:
(fancyhdr)                \setlength{\headheight}{24.01996pt}.
(fancyhdr)                You might also make \topmargin smaller:
(fancyhdr)                \addtolength{\topmargin}{-9.01996pt}.

[17 <./XGBoost_DT_Joel/figures/dt_tree_viz_joel.png>]
<./XGBoost_DT_Joel/figures/xgb_cm_roc_test_joel.png, id=594, 931.3194pt x 352.1
958pt>
File: ./XGBoost_DT_Joel/figures/xgb_cm_roc_test_joel.png Graphic file (type png
)
<use ./XGBoost_DT_Joel/figures/xgb_cm_roc_test_joel.png>
Package pdftex.def Info: ./XGBoost_DT_Joel/figures/xgb_cm_roc_test_joel.png  us
ed on input line 637.
(pdftex.def)             Requested size: 374.86775pt x 141.76254pt.
<./XGBoost_DT_Joel/figures/xgb_logloss_curve_joel.png, id=596, 714.9912pt x 279
.9258pt>
File: ./XGBoost_DT_Joel/figures/xgb_logloss_curve_joel.png Graphic file (type p
ng)
<use ./XGBoost_DT_Joel/figures/xgb_logloss_curve_joel.png>
Package pdftex.def Info: ./XGBoost_DT_Joel/figures/xgb_logloss_curve_joel.png  
used on input line 646.
(pdftex.def)             Requested size: 330.76329pt x 129.49782pt.


Package fancyhdr Warning: \headheight is too small (15.0pt): 
(fancyhdr)                Make it at least 24.01996pt, for example:
(fancyhdr)                \setlength{\headheight}{24.01996pt}.
(fancyhdr)                You might also make \topmargin smaller:
(fancyhdr)                \addtolength{\topmargin}{-9.01996pt}.

[18 <./XGBoost_DT_Joel/figures/xgb_cm_roc_test_joel.png> <./XGBoost_DT_Joel/fig
ures/xgb_logloss_curve_joel.png>]
Overfull \hbox (106.12566pt too wide) in paragraph at lines 665--666
\T1/lmr/m/n/12 (-20) Best DT pa-ram-e-ters: \T1/lmtt/m/n/12 criterion=entropy\T
1/lmr/m/n/12 (-20) , \T1/lmtt/m/n/12 max_depth=7\T1/lmr/m/n/12 (-20) , \T1/lmtt
/m/n/12 min_samples_leaf=20\T1/lmr/m/n/12 (-20) , \T1/lmtt/m/n/12 class_weight=
balanced\T1/lmr/m/n/12 (-20) . 
 []


Overfull \hbox (81.19107pt too wide) in paragraph at lines 684--692
 [][] 
 []


Package fancyhdr Warning: \headheight is too small (15.0pt): 
(fancyhdr)                Make it at least 24.01996pt, for example:
(fancyhdr)                \setlength{\headheight}{24.01996pt}.
(fancyhdr)                You might also make \topmargin smaller:
(fancyhdr)                \addtolength{\topmargin}{-9.01996pt}.

[19]
<./SVM_DT_Apprajit/figures/svm_cm_roc_test_apprajit.png, id=610, 931.3194pt x 3
52.1958pt>
File: ./SVM_DT_Apprajit/figures/svm_cm_roc_test_apprajit.png Graphic file (type
 png)
<use ./SVM_DT_Apprajit/figures/svm_cm_roc_test_apprajit.png>
Package pdftex.def Info: ./SVM_DT_Apprajit/figures/svm_cm_roc_test_apprajit.png
  used on input line 696.
(pdftex.def)             Requested size: 374.86775pt x 141.76254pt.
<./SVM_DT_Apprajit/figures/svm_tuned_learning_curve_apprajit.png, id=611, 642.2
394pt x 352.1958pt>
File: ./SVM_DT_Apprajit/figures/svm_tuned_learning_curve_apprajit.png Graphic f
ile (type png)
<use ./SVM_DT_Apprajit/figures/svm_tuned_learning_curve_apprajit.png>
Package pdftex.def Info: ./SVM_DT_Apprajit/figures/svm_tuned_learning_curve_app
rajit.png  used on input line 707.
(pdftex.def)             Requested size: 330.76329pt x 181.39093pt.


Package fancyhdr Warning: \headheight is too small (15.0pt): 
(fancyhdr)                Make it at least 24.01996pt, for example:
(fancyhdr)                \setlength{\headheight}{24.01996pt}.
(fancyhdr)                You might also make \topmargin smaller:
(fancyhdr)                \addtolength{\topmargin}{-9.01996pt}.

[20 <./SVM_DT_Apprajit/figures/svm_cm_roc_test_apprajit.png>]
LaTeX Font Info:    Trying to load font information for TS1+lmtt on input line 
730.

(/usr/local/texlive/2026/texmf-dist/tex/latex/lm/ts1lmtt.fd
File: ts1lmtt.fd 2015/05/01 v1.6.1 Font defs for Latin Modern
)
Package microtype Info: Loading generic protrusion settings for font family
(microtype)             `lmtt' (encoding: TS1).
(microtype)             For optimal results, create family-specific settings.
(microtype)             See the microtype manual for details.
Package microtype Info: Character `texttrademark ' is missing
(microtype)             in font `TS1/lmtt/m/n/12'.
(microtype)             Ignoring protrusion settings for this character.

Overfull \hbox (49.79355pt too wide) in paragraph at lines 730--731
\T1/lmr/m/n/12 (-20) GridSearchCV over 30 com-bi-na-tions us-ing a \T1/lmtt/m/n
/12 Pipeline(PolynomialFeatures \TS1/lmtt/m/n/12 ^^Y \T1/lmtt/m/n/12 StandardSc
aler
 []


Package fancyhdr Warning: \headheight is too small (15.0pt): 
(fancyhdr)                Make it at least 24.01996pt, for example:
(fancyhdr)                \setlength{\headheight}{24.01996pt}.
(fancyhdr)                You might also make \topmargin smaller:
(fancyhdr)                \addtolength{\topmargin}{-9.01996pt}.

[21{/usr/local/texlive/2026/texmf-dist/fonts/enc/dvips/lm/lm-mathex.enc} <./SVM
_DT_Apprajit/figures/svm_tuned_learning_curve_apprajit.png>]
Overfull \hbox (81.19107pt too wide) in paragraph at lines 745--753
 [][] 
 []

<./LRPoly_DT_Afzal/figures/lr_cm_roc_test_afzal.png, id=627, 931.3194pt x 352.1
958pt>
File: ./LRPoly_DT_Afzal/figures/lr_cm_roc_test_afzal.png Graphic file (type png
)
<use ./LRPoly_DT_Afzal/figures/lr_cm_roc_test_afzal.png>
Package pdftex.def Info: ./LRPoly_DT_Afzal/figures/lr_cm_roc_test_afzal.png  us
ed on input line 757.
(pdftex.def)             Requested size: 374.86775pt x 141.76254pt.
<./LRPoly_DT_Afzal/figures/lr_tuned_learning_curve_afzal.png, id=629, 642.7212p
t x 352.1958pt>
File: ./LRPoly_DT_Afzal/figures/lr_tuned_learning_curve_afzal.png Graphic file 
(type png)
<use ./LRPoly_DT_Afzal/figures/lr_tuned_learning_curve_afzal.png>
Package pdftex.def Info: ./LRPoly_DT_Afzal/figures/lr_tuned_learning_curve_afza
l.png  used on input line 766.
(pdftex.def)             Requested size: 330.76329pt x 181.24582pt.

Package fancyhdr Warning: \headheight is too small (15.0pt): 
(fancyhdr)                Make it at least 24.01996pt, for example:
(fancyhdr)                \setlength{\headheight}{24.01996pt}.
(fancyhdr)                You might also make \topmargin smaller:
(fancyhdr)                \addtolength{\topmargin}{-9.01996pt}.

[22 <./LRPoly_DT_Afzal/figures/lr_cm_roc_test_afzal.png>]
Overfull \hbox (99.95065pt too wide) in paragraph at lines 785--786
\T1/lmr/m/n/12 (-20) Best DT pa-ram-e-ters: \T1/lmtt/m/n/12 criterion=entropy\T
1/lmr/m/n/12 (-20) , \T1/lmtt/m/n/12 max_depth=7\T1/lmr/m/n/12 (-20) , \T1/lmtt
/m/n/12 min_samples_leaf=30\T1/lmr/m/n/12 (-20) , \T1/lmtt/m/n/12 min_samples_s
plit=20\T1/lmr/m/n/12 (-20) .
 []


Package fancyhdr Warning: \headheight is too small (15.0pt): 
(fancyhdr)                Make it at least 24.01996pt, for example:
(fancyhdr)                \setlength{\headheight}{24.01996pt}.
(fancyhdr)                You might also make \topmargin smaller:
(fancyhdr)                \addtolength{\topmargin}{-9.01996pt}.

[23 <./LRPoly_DT_Afzal/figures/lr_tuned_learning_curve_afzal.png>]
Overfull \hbox (81.19107pt too wide) in paragraph at lines 806--814
 [][] 
 []

<./MLP_DT_Vino/figures/mlp_cm_roc_test_vino.png, id=642, 931.3194pt x 352.1958p
t>
File: ./MLP_DT_Vino/figures/mlp_cm_roc_test_vino.png Graphic file (type png)
<use ./MLP_DT_Vino/figures/mlp_cm_roc_test_vino.png>
Package pdftex.def Info: ./MLP_DT_Vino/figures/mlp_cm_roc_test_vino.png  used o
n input line 818.
(pdftex.def)             Requested size: 374.86775pt x 141.76254pt.
<./MLP_DT_Vino/figures/mlp_loss_curve_vino.png, id=644, 714.9912pt x 279.9258pt
>
File: ./MLP_DT_Vino/figures/mlp_loss_curve_vino.png Graphic file (type png)
<use ./MLP_DT_Vino/figures/mlp_loss_curve_vino.png>
Package pdftex.def Info: ./MLP_DT_Vino/figures/mlp_loss_curve_vino.png  used on
 input line 827.
(pdftex.def)             Requested size: 317.5333pt x 124.31671pt.

Package fancyhdr Warning: \headheight is too small (15.0pt): 
(fancyhdr)                Make it at least 24.01996pt, for example:
(fancyhdr)                \setlength{\headheight}{24.01996pt}.
(fancyhdr)                You might also make \topmargin smaller:
(fancyhdr)                \addtolength{\topmargin}{-9.01996pt}.

[24 <./MLP_DT_Vino/figures/mlp_cm_roc_test_vino.png>]

Package fancyhdr Warning: \headheight is too small (15.0pt): 
(fancyhdr)                Make it at least 24.01996pt, for example:
(fancyhdr)                \setlength{\headheight}{24.01996pt}.
(fancyhdr)                You might also make \topmargin smaller:
(fancyhdr)                \addtolength{\topmargin}{-9.01996pt}.

[25 <./MLP_DT_Vino/figures/mlp_loss_curve_vino.png>]
Overfull \hbox (103.82446pt too wide) in paragraph at lines 889--909
 [][] 
 []

<group_f1_comparison.png, id=661, 859.5312pt x 428.3202pt>
File: group_f1_comparison.png Graphic file (type png)
<use group_f1_comparison.png>
Package pdftex.def Info: group_f1_comparison.png  used on input line 914.
(pdftex.def)             Requested size: 211.68661pt x 105.48509pt.
<group_auc_comparison.png, id=662, 1004.0712pt x 352.1958pt>
File: group_auc_comparison.png Graphic file (type png)
<use group_auc_comparison.png>
Package pdftex.def Info: group_auc_comparison.png  used on input line 920.
(pdftex.def)             Requested size: 211.68661pt x 74.24812pt.
<group_mcc_comparison.png, id=663, 859.5312pt x 356.0502pt>
File: group_mcc_comparison.png Graphic file (type png)
<use group_mcc_comparison.png>
Package pdftex.def Info: group_mcc_comparison.png  used on input line 930.
(pdftex.def)             Requested size: 211.68661pt x 87.68669pt.
<group_overfit_comparison.png, id=664, 859.5312pt x 356.0502pt>
File: group_overfit_comparison.png Graphic file (type png)
<use group_overfit_comparison.png>
Package pdftex.def Info: group_overfit_comparison.png  used on input line 936.
(pdftex.def)             Requested size: 211.68661pt x 87.68669pt.
LaTeX Font Info:    External font `lmex10' loaded for size
(Font)              <5> on input line 937.

Package fancyhdr Warning: \headheight is too small (15.0pt): 
(fancyhdr)                Make it at least 24.01996pt, for example:
(fancyhdr)                \setlength{\headheight}{24.01996pt}.
(fancyhdr)                You might also make \topmargin smaller:
(fancyhdr)                \addtolength{\topmargin}{-9.01996pt}.

[26 <./group_f1_comparison.png> <./group_auc_comparison.png>]
<group_fp_cost_comparison.png, id=671, 859.5312pt x 356.0502pt>
File: group_fp_cost_comparison.png Graphic file (type png)
<use group_fp_cost_comparison.png>
Package pdftex.def Info: group_fp_cost_comparison.png  used on input line 946.
(pdftex.def)             Requested size: 211.68661pt x 87.68669pt.
<group_primary_vs_dt_delta.png, id=672, 859.5312pt x 354.6048pt>
File: group_primary_vs_dt_delta.png Graphic file (type png)
<use group_primary_vs_dt_delta.png>
Package pdftex.def Info: group_primary_vs_dt_delta.png  used on input line 952.

(pdftex.def)             Requested size: 211.68661pt x 87.33073pt.


Package fancyhdr Warning: \headheight is too small (15.0pt): 
(fancyhdr)                Make it at least 24.01996pt, for example:
(fancyhdr)                \setlength{\headheight}{24.01996pt}.
(fancyhdr)                You might also make \topmargin smaller:
(fancyhdr)                \addtolength{\topmargin}{-9.01996pt}.

[27 <./group_mcc_comparison.png> <./group_overfit_comparison.png> <./group_fp_c
ost_comparison.png> <./group_primary_vs_dt_delta.png>]

Package fancyhdr Warning: \headheight is too small (15.0pt): 
(fancyhdr)                Make it at least 24.01996pt, for example:
(fancyhdr)                \setlength{\headheight}{24.01996pt}.
(fancyhdr)                You might also make \topmargin smaller:
(fancyhdr)                \addtolength{\topmargin}{-9.01996pt}.

[28]

Package fancyhdr Warning: \headheight is too small (15.0pt): 
(fancyhdr)                Make it at least 24.01996pt, for example:
(fancyhdr)                \setlength{\headheight}{24.01996pt}.
(fancyhdr)                You might also make \topmargin smaller:
(fancyhdr)                \addtolength{\topmargin}{-9.01996pt}.

[29]
Overfull \hbox (7.08347pt too wide) in paragraph at lines 1033--1033
 []|\T1/lmr/bx/n/12 (-20) Apprajit| 
 []


Package fancyhdr Warning: \headheight is too small (15.0pt): 
(fancyhdr)                Make it at least 24.01996pt, for example:
(fancyhdr)                \setlength{\headheight}{24.01996pt}.
(fancyhdr)                You might also make \topmargin smaller:
(fancyhdr)                \addtolength{\topmargin}{-9.01996pt}.

[30]
Overfull \hbox (6.79999pt too wide) in paragraph at lines 1067--1073
[] 
 []


Overfull \hbox (6.79999pt too wide) in paragraph at lines 1075--1081
[] 
 []


Overfull \hbox (28.2825pt too wide) in paragraph at lines 1105--1105
[]  \T1/lmtt/m/n/12 \caption{Permutation importance across all five primary mod
els (test set).[] 
 []


Package fancyhdr Warning: \headheight is too small (15.0pt): 
(fancyhdr)                Make it at least 24.01996pt, for example:
(fancyhdr)                \setlength{\headheight}{24.01996pt}.
(fancyhdr)                You might also make \topmargin smaller:
(fancyhdr)                \addtolength{\topmargin}{-9.01996pt}.

[31]

Package fancyhdr Warning: \headheight is too small (15.0pt): 
(fancyhdr)                Make it at least 24.01996pt, for example:
(fancyhdr)                \setlength{\headheight}{24.01996pt}.
(fancyhdr)                You might also make \topmargin smaller:
(fancyhdr)                \addtolength{\topmargin}{-9.01996pt}.

[32]
No file report.bbl.

Underfull \hbox (badness 10000) in paragraph at lines 1118--1122
[]\T1/lmr/m/n/12 (+20) W. Fa-heem, \T1/lmr/m/it/12 (+20) Air-line Route Prof-it
abil-ity and Cost Anal-y-sis\T1/lmr/m/n/12 (+20) , Kag-gle,
 []


Underfull \hbox (badness 10000) in paragraph at lines 1118--1122
\T1/lmr/m/n/12 (+20) 2024. Avail-able: [][]$\T1/lmtt/m/n/12 https : / / www . k
aggle . com / datasets / waleedfaheem /
 []


Underfull \hbox (badness 10000) in paragraph at lines 1118--1122
\T1/lmtt/m/n/12 airline-[]route-[]profitability-[]and-[]cost-[]analysis ? selec
t = airline _ route _
 []


Package fancyhdr Warning: \headheight is too small (15.0pt): 
(fancyhdr)                Make it at least 24.01996pt, for example:
(fancyhdr)                \setlength{\headheight}{24.01996pt}.
(fancyhdr)                You might also make \topmargin smaller:
(fancyhdr)                \addtolength{\topmargin}{-9.01996pt}.

[33] (./report.aux)
 ***********
LaTeX2e <2025-11-01>
L3 programming layer <2026-01-19>
 ***********
Package rerunfilecheck Info: File `report.out' has not changed.
(rerunfilecheck)             Checksum: B2AA95B593C95F72B2A648BA43B096AD;11053.
 ) 
Here is how much of TeX's memory you used:
 18192 strings out of 467525
 298950 string characters out of 5418982
 759867 words of memory out of 5000000
 46408 multiletter control sequences out of 15000+600000
 735216 words of font info for 234 fonts, out of 8000000 for 9000
 1141 hyphenation exceptions out of 8191
 69i,13n,79p,1195b,691s stack positions out of 10000i,1000n,20000p,200000b,200000s
</usr/local/texlive/2026/texmf-dist/fonts/type1/public/lm/lmbx10.pfb></usr/lo
cal/texlive/2026/texmf-dist/fonts/type1/public/lm/lmbx12.pfb></usr/local/texliv
e/2026/texmf-dist/fonts/type1/public/lm/lmex10.pfb></usr/local/texlive/2026/tex
mf-dist/fonts/type1/public/lm/lmmi12.pfb></usr/local/texlive/2026/texmf-dist/fo
nts/type1/public/lm/lmmi8.pfb></usr/local/texlive/2026/texmf-dist/fonts/type1/p
ublic/lm/lmr10.pfb></usr/local/texlive/2026/texmf-dist/fonts/type1/public/lm/lm
r12.pfb></usr/local/texlive/2026/texmf-dist/fonts/type1/public/lm/lmr8.pfb></us
r/local/texlive/2026/texmf-dist/fonts/type1/public/lm/lmri12.pfb></usr/local/te
xlive/2026/texmf-dist/fonts/type1/public/lm/lmsy10.pfb></usr/local/texlive/2026
/texmf-dist/fonts/type1/public/lm/lmsy8.pfb></usr/local/texlive/2026/texmf-dist
/fonts/type1/public/lm/lmtk10.pfb></usr/local/texlive/2026/texmf-dist/fonts/typ
e1/public/lm/lmtt10.pfb></usr/local/texlive/2026/texmf-dist/fonts/type1/public/
lm/lmtt12.pfb></usr/local/texlive/2026/texmf-dist/fonts/type1/public/amsfonts/s
ymbols/msbm10.pfb>
Output written on report.pdf (40 pages, 4647898 bytes).
PDF statistics:
 835 PDF objects out of 1000 (max. 8388607)
 698 compressed objects within 7 object streams
 156 named destinations out of 1000 (max. 500000)
 62072 words of extra memory for PDF output out of 74296 (max. 10000000)

